error: this file contains an unclosed delimiter
  --> $DIR/issue-91334.rs:7:23
   |
LL | fn f(){||yield(((){),
   |       -       -    -  ^
   |       |       |    |
   |       |       |    missing open `(` for this delimiter
   |       |       unclosed delimiter
   |       unclosed delimiter

error: this file contains an unclosed delimiter
  --> $DIR/issue-91334.rs:7:23
   |
LL | fn f(){||yield(((){),
   |       -       -    -  ^
   |       |       |    |
   |       |       |    missing open `(` for this delimiter
   |       |       unclosed delimiter
   |       unclosed delimiter

error: mismatched closing delimiter: `)`
  --> $DIR/issue-91334.rs:7:19
   |
LL | fn f(){||yield(((){),
   |                -  ^^ mismatched closing delimiter
   |                |  |
   |                |  unclosed delimiter
   |                closing delimiter possibly meant for this

error: aborting due to 3 previous errors

