error: this file contains an unclosed delimiter
  --> $DIR/issue-91268.rs:5:12
   |
LL | fn main() {
   |           - unclosed delimiter
LL |     0: u8(ţ
   |          - ^
   |          |
   |          unclosed delimiter

error: this file contains an unclosed delimiter
  --> $DIR/issue-91268.rs:5:12
   |
LL | fn main() {
   |           - unclosed delimiter
LL |     0: u8(ţ
   |          - ^
   |          |
   |          unclosed delimiter

error: aborting due to 2 previous errors

