error: statements are terminated with a semicolon
  --> $DIR/type-ascription-with-fn-call.rs:5:10
   |
LL |     f()  :
   |          ^ help: use a semicolon instead: `;`
   |
   = note: type ascription syntax has been removed, see issue #101728 <https://github.com/rust-lang/rust/issues/101728>

error: aborting due to previous error

