warning: unused import: `m1::*`
  --> $DIR/use-redundant.rs:21:5
   |
LL | use m1::*;
   |     ^^^^^
   |
note: the lint level is defined here
  --> $DIR/use-redundant.rs:2:9
   |
LL | #![warn(unused_imports)]
   |         ^^^^^^^^^^^^^^

warning: unused import: `m2::*`
  --> $DIR/use-redundant.rs:22:5
   |
LL | use m2::*;
   |     ^^^^^

warning: redundant import: `crate::foo::Bar`
  --> $DIR/use-redundant.rs:25:9
   |
LL | use crate::foo::Bar;
   |     --------------- the item `Bar` is already imported here
...
LL |     use crate::foo::Bar;
   |         ^^^^^^^^^^^^^^^

warning: 3 warnings emitted

