warning: redundant import: `bar::Foo`
  --> $DIR/use-redundant-glob.rs:10:9
   |
LL |     use bar::Foo;
   |         ^^^^^^^^
LL |     use bar::*;
   |         ------ the item `Foo` is already imported here
   |
note: the lint level is defined here
  --> $DIR/use-redundant-glob.rs:2:9
   |
LL | #![warn(unused_imports)]
   |         ^^^^^^^^^^^^^^

warning: 1 warning emitted

