error: this file contains an unclosed delimiter
  --> $DIR/issue-58094-missing-right-square-bracket.rs:4:33
   |
LL | #[Ð…
   |  - unclosed delimiter           ^

error: aborting due to previous error

