error[E0433]: failed to resolve: use of undeclared crate or module `input_cells`
  --> $DIR/issue-34255-1.rs:7:9
   |
LL |         input_cells: Vec::new()
   |         ^^^^^^^^^^^ use of undeclared crate or module `input_cells`
   |
help: consider importing this struct
   |
LL | use std::vec::Vec;
   |
help: if you import `Vec`, refer to it directly
   |
LL -         input_cells: Vec::new()
LL +         Vec::new()
   |

error: aborting due to previous error

For more information about this error, try `rustc --explain E0433`.
