error: this file contains an unclosed delimiter
  --> $DIR/drop-location-span-error-rust-2021-incompatible-closure-captures-93117.rs:14:53
   |
LL | trait C{async fn new(val: T) {}
   |        - unclosed delimiter
LL |
LL |
   |                                                     ^

error: aborting due to previous error

